// Jest Snapshot v1, https://goo.gl/fbAQLP

exports[`basic meal plan converts availability to meal types 1`] = `
Object {
  "days": Array [
    Object {
      "dayIndex": 0,
      "id": "plan_MOCK_ID_0-day_0",
      "meals": Array [
        Object {
          "actions": Array [
            Object {
              "dayIndex": 0,
              "id": "action_MOCK_ID_1",
              "mealIndex": 0,
              "type": "SKIP",
            },
          ],
          "availability": "NONE",
          "dayIndex": 0,
          "id": "plan_MOCK_ID_0-day_0-meal_0",
          "mealIndex": 0,
          "servings": 2,
        },
        Object {
          "actions": Array [
            Object {
              "dayIndex": 0,
              "id": "action_MOCK_ID_2",
              "mealIndex": 1,
              "mealType": "QUICK",
              "servings": 2,
              "type": "COOK",
            },
            Object {
              "cookActionId": "action_MOCK_ID_2",
              "dayIndex": 0,
              "id": "action_MOCK_ID_3",
              "leftovers": false,
              "mealIndex": 1,
              "type": "EAT",
            },
          ],
          "availability": "SHORT",
          "dayIndex": 0,
          "id": "plan_MOCK_ID_0-day_0-meal_1",
          "mealIndex": 1,
          "servings": 2,
        },
        Object {
          "actions": Array [
            Object {
              "dayIndex": 0,
              "id": "action_MOCK_ID_4",
              "mealIndex": 2,
              "mealType": "FANCY",
              "servings": 2,
              "type": "COOK",
            },
            Object {
              "cookActionId": "action_MOCK_ID_4",
              "dayIndex": 0,
              "id": "action_MOCK_ID_5",
              "leftovers": false,
              "mealIndex": 2,
              "type": "EAT",
            },
          ],
          "availability": "LONG",
          "dayIndex": 0,
          "id": "plan_MOCK_ID_0-day_0-meal_2",
          "mealIndex": 2,
          "servings": 2,
        },
      ],
    },
    Object {
      "dayIndex": 1,
      "id": "plan_MOCK_ID_0-day_1",
      "meals": Array [
        Object {
          "actions": Array [
            Object {
              "dayIndex": 1,
              "id": "action_MOCK_ID_6",
              "mealIndex": 0,
              "type": "SKIP",
            },
          ],
          "availability": "NONE",
          "dayIndex": 1,
          "id": "plan_MOCK_ID_0-day_1-meal_0",
          "mealIndex": 0,
          "servings": 2,
        },
        Object {
          "actions": Array [
            Object {
              "dayIndex": 1,
              "id": "action_MOCK_ID_7",
              "mealIndex": 1,
              "type": "SKIP",
            },
          ],
          "availability": "EAT_OUT",
          "dayIndex": 1,
          "id": "plan_MOCK_ID_0-day_1-meal_1",
          "mealIndex": 1,
          "servings": 2,
        },
        Object {
          "actions": Array [
            Object {
              "dayIndex": 1,
              "id": "action_MOCK_ID_8",
              "mealIndex": 2,
              "mealType": "NORMAL",
              "servings": 2,
              "type": "COOK",
            },
            Object {
              "cookActionId": "action_MOCK_ID_8",
              "dayIndex": 1,
              "id": "action_MOCK_ID_9",
              "leftovers": false,
              "mealIndex": 2,
              "type": "EAT",
            },
          ],
          "availability": "MEDIUM",
          "dayIndex": 1,
          "id": "plan_MOCK_ID_0-day_1-meal_2",
          "mealIndex": 2,
          "servings": 2,
        },
      ],
    },
    Object {
      "dayIndex": 2,
      "id": "plan_MOCK_ID_0-day_2",
      "meals": Array [
        Object {
          "actions": Array [
            Object {
              "dayIndex": 2,
              "id": "action_MOCK_ID_10",
              "mealIndex": 0,
              "mealType": "QUICK",
              "servings": 2,
              "type": "COOK",
            },
            Object {
              "cookActionId": "action_MOCK_ID_10",
              "dayIndex": 2,
              "id": "action_MOCK_ID_11",
              "leftovers": false,
              "mealIndex": 0,
              "type": "EAT",
            },
          ],
          "availability": "SHORT",
          "dayIndex": 2,
          "id": "plan_MOCK_ID_0-day_2-meal_0",
          "mealIndex": 0,
          "servings": 2,
        },
        Object {
          "actions": Array [
            Object {
              "dayIndex": 2,
              "id": "action_MOCK_ID_12",
              "mealIndex": 1,
              "mealType": "QUICK",
              "servings": 2,
              "type": "COOK",
            },
            Object {
              "cookActionId": "action_MOCK_ID_12",
              "dayIndex": 2,
              "id": "action_MOCK_ID_13",
              "leftovers": false,
              "mealIndex": 1,
              "type": "EAT",
            },
          ],
          "availability": "SHORT",
          "dayIndex": 2,
          "id": "plan_MOCK_ID_0-day_2-meal_1",
          "mealIndex": 1,
          "servings": 2,
        },
        Object {
          "actions": Array [
            Object {
              "dayIndex": 2,
              "id": "action_MOCK_ID_14",
              "mealIndex": 2,
              "mealType": "QUICK",
              "servings": 2,
              "type": "COOK",
            },
            Object {
              "cookActionId": "action_MOCK_ID_14",
              "dayIndex": 2,
              "id": "action_MOCK_ID_15",
              "leftovers": false,
              "mealIndex": 2,
              "type": "EAT",
            },
          ],
          "availability": "SHORT",
          "dayIndex": 2,
          "id": "plan_MOCK_ID_0-day_2-meal_2",
          "mealIndex": 2,
          "servings": 2,
        },
      ],
    },
    Object {
      "dayIndex": 3,
      "id": "plan_MOCK_ID_0-day_3",
      "meals": Array [
        Object {
          "actions": Array [
            Object {
              "dayIndex": 3,
              "id": "action_MOCK_ID_16",
              "mealIndex": 0,
              "type": "SKIP",
            },
          ],
          "availability": "NONE",
          "dayIndex": 3,
          "id": "plan_MOCK_ID_0-day_3-meal_0",
          "mealIndex": 0,
          "servings": 2,
        },
        Object {
          "actions": Array [
            Object {
              "dayIndex": 3,
              "id": "action_MOCK_ID_17",
              "mealIndex": 1,
              "type": "SKIP",
            },
          ],
          "availability": "NONE",
          "dayIndex": 3,
          "id": "plan_MOCK_ID_0-day_3-meal_1",
          "mealIndex": 1,
          "servings": 2,
        },
        Object {
          "actions": Array [
            Object {
              "dayIndex": 3,
              "id": "action_MOCK_ID_18",
              "mealIndex": 2,
              "type": "SKIP",
            },
          ],
          "availability": "EAT_OUT",
          "dayIndex": 3,
          "id": "plan_MOCK_ID_0-day_3-meal_2",
          "mealIndex": 2,
          "servings": 2,
        },
      ],
    },
    Object {
      "dayIndex": 4,
      "id": "plan_MOCK_ID_0-day_4",
      "meals": Array [
        Object {
          "actions": Array [
            Object {
              "dayIndex": 4,
              "id": "action_MOCK_ID_19",
              "mealIndex": 0,
              "type": "SKIP",
            },
          ],
          "availability": "NONE",
          "dayIndex": 4,
          "id": "plan_MOCK_ID_0-day_4-meal_0",
          "mealIndex": 0,
          "servings": 2,
        },
        Object {
          "actions": Array [
            Object {
              "dayIndex": 4,
              "id": "action_MOCK_ID_20",
              "mealIndex": 1,
              "type": "SKIP",
            },
          ],
          "availability": "NONE",
          "dayIndex": 4,
          "id": "plan_MOCK_ID_0-day_4-meal_1",
          "mealIndex": 1,
          "servings": 2,
        },
        Object {
          "actions": Array [
            Object {
              "dayIndex": 4,
              "id": "action_MOCK_ID_21",
              "mealIndex": 2,
              "mealType": "NORMAL",
              "servings": 2,
              "type": "COOK",
            },
            Object {
              "cookActionId": "action_MOCK_ID_21",
              "dayIndex": 4,
              "id": "action_MOCK_ID_22",
              "leftovers": false,
              "mealIndex": 2,
              "type": "EAT",
            },
          ],
          "availability": "MEDIUM",
          "dayIndex": 4,
          "id": "plan_MOCK_ID_0-day_4-meal_2",
          "mealIndex": 2,
          "servings": 2,
        },
      ],
    },
    Object {
      "dayIndex": 5,
      "id": "plan_MOCK_ID_0-day_5",
      "meals": Array [
        Object {
          "actions": Array [
            Object {
              "dayIndex": 5,
              "id": "action_MOCK_ID_23",
              "mealIndex": 0,
              "mealType": "FANCY",
              "servings": 2,
              "type": "COOK",
            },
            Object {
              "cookActionId": "action_MOCK_ID_23",
              "dayIndex": 5,
              "id": "action_MOCK_ID_24",
              "leftovers": false,
              "mealIndex": 0,
              "type": "EAT",
            },
          ],
          "availability": "LONG",
          "dayIndex": 5,
          "id": "plan_MOCK_ID_0-day_5-meal_0",
          "mealIndex": 0,
          "servings": 2,
        },
        Object {
          "actions": Array [
            Object {
              "dayIndex": 5,
              "id": "action_MOCK_ID_25",
              "mealIndex": 1,
              "mealType": "QUICK",
              "servings": 2,
              "type": "COOK",
            },
            Object {
              "cookActionId": "action_MOCK_ID_25",
              "dayIndex": 5,
              "id": "action_MOCK_ID_26",
              "leftovers": false,
              "mealIndex": 1,
              "type": "EAT",
            },
          ],
          "availability": "SHORT",
          "dayIndex": 5,
          "id": "plan_MOCK_ID_0-day_5-meal_1",
          "mealIndex": 1,
          "servings": 2,
        },
        Object {
          "actions": Array [
            Object {
              "dayIndex": 5,
              "id": "action_MOCK_ID_27",
              "mealIndex": 2,
              "mealType": "FANCY",
              "servings": 2,
              "type": "COOK",
            },
            Object {
              "cookActionId": "action_MOCK_ID_27",
              "dayIndex": 5,
              "id": "action_MOCK_ID_28",
              "leftovers": false,
              "mealIndex": 2,
              "type": "EAT",
            },
          ],
          "availability": "LONG",
          "dayIndex": 5,
          "id": "plan_MOCK_ID_0-day_5-meal_2",
          "mealIndex": 2,
          "servings": 2,
        },
      ],
    },
    Object {
      "dayIndex": 6,
      "id": "plan_MOCK_ID_0-day_6",
      "meals": Array [
        Object {
          "actions": Array [
            Object {
              "dayIndex": 6,
              "id": "action_MOCK_ID_29",
              "mealIndex": 0,
              "type": "SKIP",
            },
          ],
          "availability": "NONE",
          "dayIndex": 6,
          "id": "plan_MOCK_ID_0-day_6-meal_0",
          "mealIndex": 0,
          "servings": 2,
        },
        Object {
          "actions": Array [
            Object {
              "dayIndex": 6,
              "id": "action_MOCK_ID_30",
              "mealIndex": 1,
              "type": "SKIP",
            },
          ],
          "availability": "NONE",
          "dayIndex": 6,
          "id": "plan_MOCK_ID_0-day_6-meal_1",
          "mealIndex": 1,
          "servings": 2,
        },
        Object {
          "actions": Array [
            Object {
              "dayIndex": 6,
              "id": "action_MOCK_ID_31",
              "mealIndex": 2,
              "mealType": "FANCY",
              "servings": 2,
              "type": "COOK",
            },
            Object {
              "cookActionId": "action_MOCK_ID_31",
              "dayIndex": 6,
              "id": "action_MOCK_ID_32",
              "leftovers": false,
              "mealIndex": 2,
              "type": "EAT",
            },
          ],
          "availability": "LONG",
          "dayIndex": 6,
          "id": "plan_MOCK_ID_0-day_6-meal_2",
          "mealIndex": 2,
          "servings": 2,
        },
      ],
    },
  ],
  "defaultServings": 2,
  "groceryDay": 0,
  "id": "plan_MOCK_ID_0",
  "isBlueprint": false,
  "strategy": "BASIC",
  "warnings": Array [],
  "weekIndex": null,
}
`;
